This is pdfTeX, Version 3.141592653-2.6-1.40.29 (MiKTeX 26.5) (preloaded format=pdflatex 2026.9.25)  29 SEP 2026 18:35
entering extended mode
 restricted \write18 enabled.
 %&-line parsing enabled.
**./CYM.tex
(CYM.tex
LaTeX2e <2026-06-01>
L3 programming layer <2026-08-10>
(C:\Users\kelru\AppData\Roaming\MiKTeX\tex/latex/amscls\amsart.cls
Document Class: amsart 2020/05/29 v2.20.6
\linespacing=\dimen150
\normalparindent=\dimen151
\normaltopskip=\skip49
(C:\Users\kelru\AppData\Local\Programs\MiKTeX\tex/latex/amsmath\amsmath.sty
Package: amsmath 2026/05/19 v2.18d AMS math features
\@mathmargin=\skip50

For additional information on amsmath, use the `?' option.
(C:\Users\kelru\AppData\Local\Programs\MiKTeX\tex/latex/amsmath\amstext.sty
Package: amstext 2024/11/17 v2.01 AMS text

(C:\Users\kelru\AppData\Local\Programs\MiKTeX\tex/latex/amsmath\amsgen.sty
File: amsgen.sty 1999/11/30 v2.0 generic functions
\@emptytoks=\toks17
\ex@=\dimen152
))
(C:\Users\kelru\AppData\Local\Programs\MiKTeX\tex/latex/amsmath\amsbsy.sty
Package: amsbsy 1999/11/29 v1.2d Bold Symbols
\pmbraise@=\dimen153
)
(C:\Users\kelru\AppData\Local\Programs\MiKTeX\tex/latex/amsmath\amsopn.sty
Package: amsopn 2022/04/08 v2.04 operator names
)
\inf@bad=\count276
LaTeX Info: Redefining \frac on input line 233.
\uproot@=\count277
\leftroot@=\count278
LaTeX Info: Redefining \overline on input line 398.
LaTeX Info: Redefining \colon on input line 409.
\classnum@=\count279
\DOTSCASE@=\count280
LaTeX Info: Redefining \ldots on input line 495.
LaTeX Info: Redefining \dots on input line 498.
LaTeX Info: Redefining \cdots on input line 619.
\Mathstrutbox@=\box53
\strutbox@=\box54
LaTeX Info: Redefining \big on input line 721.
LaTeX Info: Redefining \Big on input line 722.
LaTeX Info: Redefining \bigg on input line 723.
LaTeX Info: Redefining \Bigg on input line 724.
\big@size=\dimen154
LaTeX Font Info:    Redeclaring font encoding OML on input line 742.
LaTeX Font Info:    Redeclaring font encoding OMS on input line 743.
\macc@depth=\count281
LaTeX Info: Redefining \bmod on input line 904.
LaTeX Info: Redefining \pmod on input line 909.
LaTeX Info: Redefining \smash on input line 939.
LaTeX Info: Redefining \relbar on input line 969.
LaTeX Info: Redefining \Relbar on input line 970.
\c@MaxMatrixCols=\count282
\dotsspace@=\muskip17
\c@parentequation=\count283
\dspbrk@lvl=\count284
\tag@help=\toks18
\row@=\count285
\column@=\count286
\maxfields@=\count287
\andhelp@=\toks19
\eqnshift@=\dimen155
\alignsep@=\dimen156
\tagshift@=\dimen157
\tagwidth@=\dimen158
\totwidth@=\dimen159
\lineht@=\dimen160
\@envbody=\toks20
\multlinegap=\skip51
\multlinetaggap=\skip52
\mathdisplay@stack=\toks21
LaTeX Info: Redefining \[ on input line 2965.
LaTeX Info: Redefining \] on input line 2966.
)
LaTeX Font Info:    Trying to load font information for U+msa on input line 397.

(C:\Users\kelru\AppData\Local\Programs\MiKTeX\tex/latex/amsfonts\umsa.fd
File: umsa.fd 2013/01/14 v3.01 AMS symbols A
)
(C:\Users\kelru\AppData\Local\Programs\MiKTeX\tex/latex/amsfonts\amsfonts.sty
Package: amsfonts 2013/01/14 v3.01 Basic AMSFonts support
\symAMSa=\mathgroup4
\symAMSb=\mathgroup5
LaTeX Font Info:    Redeclaring math symbol \hbar on input line 98.
LaTeX Font Info:    Overwriting math alphabet `\mathfrak' in version `bold'
(Font)                  U/euf/m/n --> U/euf/b/n on input line 106.
)
\copyins=\insert252
\abstractbox=\box55
\listisep=\skip53
\c@part=\count288
\c@section=\count289
\c@subsection=\count290
\c@subsubsection=\count291
\c@paragraph=\count292
\c@subparagraph=\count293
\c@figure=\count294
\c@table=\count295
\abovecaptionskip=\skip54
\belowcaptionskip=\skip55
\captionindent=\dimen161
\thm@style=\toks22
\thm@bodyfont=\toks23
\thm@headfont=\toks24
\thm@notefont=\toks25
\thm@headpunct=\toks26
\thm@preskip=\skip56
\thm@postskip=\skip57
\thm@headsep=\skip58
\dth@everypar=\toks27
)
LaTeX Info: Redefining \markboth on input line 3.

(C:\Users\kelru\AppData\Roaming\MiKTeX\tex/latex/cjk\CJKutf8.sty
Package: CJKutf8 2021/10/16 4.8.5

(C:\Users\kelru\AppData\Local\Programs\MiKTeX\tex/generic/iftex\ifpdf.sty
Package: ifpdf 2019/10/25 v3.4 ifpdf legacy package. Use iftex instead.

(C:\Users\kelru\AppData\Local\Programs\MiKTeX\tex/generic/iftex\iftex.sty
Package: iftex 2024/12/12 v1.0g TeX engine tests
))
(C:\Users\kelru\AppData\Local\Programs\MiKTeX\tex/latex/base\inputenc.sty
Package: inputenc 2024/02/08 v1.3d Input encoding file
\inpenc@prehook=\toks28
\inpenc@posthook=\toks29
)
(C:\Users\kelru\AppData\Roaming\MiKTeX\tex/latex/cjk\CJK.sty
Package: CJK 2021/10/16 4.8.5

(C:\Users\kelru\AppData\Roaming\MiKTeX\tex/latex/cjk/mule\MULEenc.sty
Package: MULEenc 2021/10/16 4.8.5
)
(C:\Users\kelru\AppData\Roaming\MiKTeX\tex/latex/cjk\CJK.enc
File: CJK.enc 2021/10/16 4.8.5
Now handling font encoding C00 ...
... no UTF-8 mapping file for font encoding C00
Now handling font encoding C05 ...
... no UTF-8 mapping file for font encoding C05
Now handling font encoding C09 ...
... no UTF-8 mapping file for font encoding C09
Now handling font encoding C10 ...
... no UTF-8 mapping file for font encoding C10
Now handling font encoding C20 ...
... no UTF-8 mapping file for font encoding C20
Now handling font encoding C19 ...
... no UTF-8 mapping file for font encoding C19
Now handling font encoding C40 ...
... no UTF-8 mapping file for font encoding C40
Now handling font encoding C42 ...
... no UTF-8 mapping file for font encoding C42
Now handling font encoding C43 ...
... no UTF-8 mapping file for font encoding C43
Now handling font encoding C50 ...
... no UTF-8 mapping file for font encoding C50
Now handling font encoding C52 ...
... no UTF-8 mapping file for font encoding C52
Now handling font encoding C49 ...
... no UTF-8 mapping file for font encoding C49
Now handling font encoding C60 ...
... no UTF-8 mapping file for font encoding C60
Now handling font encoding C61 ...
... no UTF-8 mapping file for font encoding C61
Now handling font encoding C63 ...
... no UTF-8 mapping file for font encoding C63
Now handling font encoding C64 ...
... no UTF-8 mapping file for font encoding C64
Now handling font encoding C65 ...
... no UTF-8 mapping file for font encoding C65
Now handling font encoding C70 ...
... no UTF-8 mapping file for font encoding C70
Now handling font encoding C31 ...
... no UTF-8 mapping file for font encoding C31
Now handling font encoding C32 ...
... no UTF-8 mapping file for font encoding C32
Now handling font encoding C33 ...
... no UTF-8 mapping file for font encoding C33
Now handling font encoding C34 ...
... no UTF-8 mapping file for font encoding C34
Now handling font encoding C35 ...
... no UTF-8 mapping file for font encoding C35
Now handling font encoding C36 ...
... no UTF-8 mapping file for font encoding C36
Now handling font encoding C37 ...
... no UTF-8 mapping file for font encoding C37
Now handling font encoding C80 ...
... no UTF-8 mapping file for font encoding C80
Now handling font encoding C81 ...
... no UTF-8 mapping file for font encoding C81
Now handling font encoding C01 ...
... no UTF-8 mapping file for font encoding C01
Now handling font encoding C11 ...
... no UTF-8 mapping file for font encoding C11
Now handling font encoding C21 ...
... no UTF-8 mapping file for font encoding C21
Now handling font encoding C41 ...
... no UTF-8 mapping file for font encoding C41
Now handling font encoding C62 ...
... no UTF-8 mapping file for font encoding C62
)
\CJK@indent=\box56
)
(C:\Users\kelru\AppData\Local\Programs\MiKTeX\tex/latex/base\fontenc.sty
Package: fontenc 2025/07/18 v2.1d Standard LaTeX package
))
(C:\Users\kelru\AppData\Local\Programs\MiKTeX\tex/latex/xcolor\xcolor.sty
Package: xcolor 2024/09/29 v3.02 LaTeX color extensions (UK)

(C:\Users\kelru\AppData\Local\Programs\MiKTeX\tex/latex/graphics-cfg\color.cfg
File: color.cfg 2016/01/02 v1.6 sample color configuration
)
Package xcolor Info: Driver file: pdftex.def on input line 274.

(C:\Users\kelru\AppData\Local\Programs\MiKTeX\tex/latex/graphics-def\pdftex.def
File: pdftex.def 2025/09/29 v1.2d Graphics/color driver for pdftex
)
(C:\Users\kelru\AppData\Local\Programs\MiKTeX\tex/latex/graphics\mathcolor.ltx)
Package xcolor Info: Model `cmy' substituted by `cmy0' on input line 1349.
Package xcolor Info: Model `hsb' substituted by `rgb' on input line 1353.
Package xcolor Info: Model `RGB' extended on input line 1365.
Package xcolor Info: Model `HTML' substituted by `rgb' on input line 1367.
Package xcolor Info: Model `Hsb' substituted by `hsb' on input line 1368.
Package xcolor Info: Model `tHsb' substituted by `hsb' on input line 1369.
Package xcolor Info: Model `HSB' substituted by `hsb' on input line 1370.
Package xcolor Info: Model `Gray' substituted by `gray' on input line 1371.
Package xcolor Info: Model `wave' substituted by `hsb' on input line 1372.
)
(C:\Users\kelru\AppData\Local\Programs\MiKTeX\tex/latex/graphics\graphicx.sty
Package: graphicx 2026-05-17 v1.2e Enhanced LaTeX Graphics (DPC,SPQR)

(C:\Users\kelru\AppData\Local\Programs\MiKTeX\tex/latex/graphics\keyval.sty
Package: keyval 2026-05-17 v1.15 key=value parser (DPC)
\KV@toks@=\toks30
)
(C:\Users\kelru\AppData\Local\Programs\MiKTeX\tex/latex/graphics\graphics.sty
Package: graphics 2026-05-17 v1.4h Standard LaTeX Graphics (DPC,SPQR)

(C:\Users\kelru\AppData\Local\Programs\MiKTeX\tex/latex/graphics\trig.sty
Package: trig 2023/12/02 v1.11 sin cos tan (DPC)
)
(C:\Users\kelru\AppData\Local\Programs\MiKTeX\tex/latex/graphics-cfg\graphics.cfg
File: graphics.cfg 2016/06/04 v1.11 sample graphics configuration
)
Package graphics Info: Driver file: pdftex.def on input line 106.
)
\Gin@req@height=\dimen162
\Gin@req@width=\dimen163
)
(C:\Users\kelru\AppData\Roaming\MiKTeX\tex/latex/geometry\geometry.sty
Package: geometry 2020/01/02 v5.9 Page Geometry

(C:\Users\kelru\AppData\Local\Programs\MiKTeX\tex/generic/iftex\ifvtex.sty
Package: ifvtex 2019/10/25 v1.7 ifvtex legacy package. Use iftex instead.
)
\Gm@cnth=\count296
\Gm@cntv=\count297
\c@Gm@tempcnt=\count298
\Gm@bindingoffset=\dimen164
\Gm@wd@mp=\dimen165
\Gm@odd@mp=\dimen166
\Gm@even@mp=\dimen167
\Gm@layoutwidth=\dimen168
\Gm@layoutheight=\dimen169
\Gm@layouthoffset=\dimen170
\Gm@layoutvoffset=\dimen171
\Gm@dimlist=\toks31

(C:\Users\kelru\AppData\Roaming\MiKTeX\tex/latex/geometry\geometry.cfg))
(C:\Users\kelru\AppData\Roaming\MiKTeX\tex/latex/float\float.sty
Package: float 2001/11/08 v1.3d Float enhancements (AL)
\c@float@type=\count299
\float@exts=\toks32
\float@box=\box57
\@float@everytoks=\toks33
\@floatcapt=\box58
)
(C:\Users\kelru\AppData\Local\Programs\MiKTeX\tex/latex/graphics\epsfig.sty
Package: epsfig 2024/01/14 v1.7b (e)psfig emulation (SPQR)
\epsfxsize=\dimen172
\epsfysize=\dimen173
)
(C:\Users\kelru\AppData\Local\Programs\MiKTeX\tex/latex/graphics\rotating.sty
Package: rotating 2026-05-17 v2.16e rotated objects in LaTeX

(C:\Users\kelru\AppData\Local\Programs\MiKTeX\tex/latex/base\ifthen.sty
Package: ifthen 2024/03/16 v1.1e Standard LaTeX ifthen package (DPC)
)
\c@r@tfl@t=\count300
\rotFPtop=\skip59
\rotFPbot=\skip60
\rot@float@box=\box59
\rot@mess@toks=\toks34
)
(C:\Users\kelru\AppData\Local\Programs\MiKTeX\tex/latex/amsfonts\amssymb.sty
Package: amssymb 2013/01/14 v3.01 AMS font symbols
)
(C:\Users\kelru\AppData\Roaming\MiKTeX\tex/latex/jknappen\mathrsfs.sty
Package: mathrsfs 1996/01/01 Math RSFS package v1.0 (jk)
\symrsfs=\mathgroup6
)
(C:\Users\kelru\AppData\Roaming\MiKTeX\tex/latex/bbm\bbm.sty
Package: bbm 1999/03/15 V 1.2 provides fonts for set symbols - TH
LaTeX Font Info:    Overwriting math alphabet `\mathbbm' in version `bold'
(Font)                  U/bbm/m/n --> U/bbm/bx/n on input line 33.
LaTeX Font Info:    Overwriting math alphabet `\mathbbmss' in version `bold'
(Font)                  U/bbmss/m/n --> U/bbmss/bx/n on input line 35.
)
(C:\Users\kelru\AppData\Roaming\MiKTeX\tex/latex/ulem\ulem.sty
\UL@box=\box60
\UL@hyphenbox=\box61
\UL@skip=\skip61
\UL@hook=\toks35
\UL@height=\dimen174
\UL@pe=\count301
\UL@pixel=\dimen175
\ULC@box=\box62
Package: ulem 2019/11/18
\ULdepth=\dimen176
)
(C:\Users\kelru\AppData\Roaming\MiKTeX\tex/generic/mleftright\mleftright.sty
Package: mleftright 2019/12/03 v1.2 Math left/right delim. as open/close (HO)

(C:\Users\kelru\AppData\Roaming\MiKTeX\tex/generic/infwarerr\infwarerr.sty
Package: infwarerr 2019/12/03 v1.5 Providing info/warning/error messages (HO)
)
(C:\Users\kelru\AppData\Roaming\MiKTeX\tex/generic/ltxcmds\ltxcmds.sty
Package: ltxcmds 2023-12-04 v1.26 LaTeX kernel commands for general use (HO)
))
(C:\Users\kelru\AppData\Local\Programs\MiKTeX\tex/latex/subdepth\subdepth.sty
Package: subdepth 2007/09/02 v0.1 Unify subscript depths
)
(C:\Users\kelru\AppData\Local\Programs\MiKTeX\tex/latex/base\latexsym.sty
Package: latexsym 1998/08/17 v2.2e Standard LaTeX package (lasy symbols)
\symlasy=\mathgroup7
LaTeX Font Info:    Overwriting symbol font `lasy' in version `bold'
(Font)                  U/lasy/m/n --> U/lasy/b/n on input line 52.
)
(C:\Users\kelru\AppData\Local\Programs\MiKTeX\tex/latex/pgf/frontendlayer\tikz.sty
(C:\Users\kelru\AppData\Local\Programs\MiKTeX\tex/latex/pgf/basiclayer\pgf.sty
(C:\Users\kelru\AppData\Local\Programs\MiKTeX\tex/latex/pgf/utilities\pgfrcs.sty
(C:\Users\kelru\AppData\Local\Programs\MiKTeX\tex/generic/pgf/utilities\pgfutil-common.tex
\pgfutil@everybye=\toks36
\pgfutil@tempdima=\dimen177
\pgfutil@tempdimb=\dimen178
)
(C:\Users\kelru\AppData\Local\Programs\MiKTeX\tex/generic/pgf/utilities\pgfutil-latex.def
\pgfutil@abb=\box63
)
(C:\Users\kelru\AppData\Local\Programs\MiKTeX\tex/generic/pgf/utilities\pgfrcs.code.tex
(C:\Users\kelru\AppData\Local\Programs\MiKTeX\tex/generic/pgf\pgf.revision.tex)
Package: pgfrcs 2026-08-01 v3.1.12 (3.1.12)
))
Package: pgf 2026-08-01 v3.1.12 (3.1.12)

(C:\Users\kelru\AppData\Local\Programs\MiKTeX\tex/latex/pgf/basiclayer\pgfcore.sty
(C:\Users\kelru\AppData\Local\Programs\MiKTeX\tex/latex/pgf/systemlayer\pgfsys.sty
(C:\Users\kelru\AppData\Local\Programs\MiKTeX\tex/generic/pgf/systemlayer\pgfsys.code.tex
Package: pgfsys 2026-08-01 v3.1.12 (3.1.12)

(C:\Users\kelru\AppData\Local\Programs\MiKTeX\tex/generic/pgf/utilities\pgfkeys.code.tex
\pgfkeys@pathtoks=\toks37
\pgfkeys@temptoks=\toks38

(C:\Users\kelru\AppData\Local\Programs\MiKTeX\tex/generic/pgf/utilities\pgfkeyslibraryfiltered.code.tex
\pgfkeys@tmptoks=\toks39
))
\pgf@x=\dimen179
\pgf@y=\dimen180
\pgf@xa=\dimen181
\pgf@ya=\dimen182
\pgf@xb=\dimen183
\pgf@yb=\dimen184
\pgf@xc=\dimen185
\pgf@yc=\dimen186
\pgf@xd=\dimen187
\pgf@yd=\dimen188
\w@pgf@writea=\write3
\r@pgf@reada=\read2
\c@pgf@counta=\count302
\c@pgf@countb=\count303
\c@pgf@countc=\count304
\c@pgf@countd=\count305
\t@pgf@toka=\toks40
\t@pgf@tokb=\toks41
\t@pgf@tokc=\toks42
\pgf@sys@id@count=\count306

(C:\Users\kelru\AppData\Local\Programs\MiKTeX\tex/generic/pgf/systemlayer\pgf.cfg
File: pgf.cfg 2026-08-01 v3.1.12 (3.1.12)
)
Driver file for pgf: pgfsys-pdftex.def

(C:\Users\kelru\AppData\Local\Programs\MiKTeX\tex/generic/pgf/systemlayer\pgfsys-pdftex.def
File: pgfsys-pdftex.def 2026-08-01 v3.1.12 (3.1.12)

(C:\Users\kelru\AppData\Local\Programs\MiKTeX\tex/generic/pgf/systemlayer\pgfsys-common-pdf.def
File: pgfsys-common-pdf.def 2026-08-01 v3.1.12 (3.1.12)
)))
(C:\Users\kelru\AppData\Local\Programs\MiKTeX\tex/generic/pgf/systemlayer\pgfsyssoftpath.code.tex
File: pgfsyssoftpath.code.tex 2026-08-01 v3.1.12 (3.1.12)
\pgfsyssoftpath@smallbuffer@items=\count307
\pgfsyssoftpath@bigbuffer@items=\count308
)
(C:\Users\kelru\AppData\Local\Programs\MiKTeX\tex/generic/pgf/systemlayer\pgfsysprotocol.code.tex
File: pgfsysprotocol.code.tex 2026-08-01 v3.1.12 (3.1.12)
))
(C:\Users\kelru\AppData\Local\Programs\MiKTeX\tex/generic/pgf/basiclayer\pgfcore.code.tex
Package: pgfcore 2026-08-01 v3.1.12 (3.1.12)

(C:\Users\kelru\AppData\Local\Programs\MiKTeX\tex/generic/pgf/math\pgfmath.code.tex
(C:\Users\kelru\AppData\Local\Programs\MiKTeX\tex/generic/pgf/math\pgfmathutil.code.tex)
(C:\Users\kelru\AppData\Local\Programs\MiKTeX\tex/generic/pgf/math\pgfmathparser.code.tex
\pgfmath@dimen=\dimen189
\pgfmath@count=\count309
\pgfmath@box=\box64
\pgfmath@toks=\toks43
\pgfmath@stack@operand=\toks44
\pgfmath@stack@operation=\toks45
)
(C:\Users\kelru\AppData\Local\Programs\MiKTeX\tex/generic/pgf/math\pgfmathfunctions.code.tex)
(C:\Users\kelru\AppData\Local\Programs\MiKTeX\tex/generic/pgf/math\pgfmathfunctions.basic.code.tex)
(C:\Users\kelru\AppData\Local\Programs\MiKTeX\tex/generic/pgf/math\pgfmathfunctions.trigonometric.code.tex)
(C:\Users\kelru\AppData\Local\Programs\MiKTeX\tex/generic/pgf/math\pgfmathfunctions.random.code.tex)
(C:\Users\kelru\AppData\Local\Programs\MiKTeX\tex/generic/pgf/math\pgfmathfunctions.comparison.code.tex)
(C:\Users\kelru\AppData\Local\Programs\MiKTeX\tex/generic/pgf/math\pgfmathfunctions.base.code.tex)
(C:\Users\kelru\AppData\Local\Programs\MiKTeX\tex/generic/pgf/math\pgfmathfunctions.round.code.tex)
(C:\Users\kelru\AppData\Local\Programs\MiKTeX\tex/generic/pgf/math\pgfmathfunctions.misc.code.tex)
(C:\Users\kelru\AppData\Local\Programs\MiKTeX\tex/generic/pgf/math\pgfmathfunctions.integerarithmetics.code.tex)
(C:\Users\kelru\AppData\Local\Programs\MiKTeX\tex/generic/pgf/math\pgfmathcalc.code.tex)
(C:\Users\kelru\AppData\Local\Programs\MiKTeX\tex/generic/pgf/math\pgfmathfloat.code.tex
\c@pgfmathroundto@lastzeros=\count310
))
(C:\Users\kelru\AppData\Local\Programs\MiKTeX\tex/generic/pgf/math\pgfint.code.tex)
(C:\Users\kelru\AppData\Local\Programs\MiKTeX\tex/generic/pgf/basiclayer\pgfcorepoints.code.tex
File: pgfcorepoints.code.tex 2026-08-01 v3.1.12 (3.1.12)
\pgf@picminx=\dimen190
\pgf@picmaxx=\dimen191
\pgf@picminy=\dimen192
\pgf@picmaxy=\dimen193
\pgf@pathminx=\dimen194
\pgf@pathmaxx=\dimen195
\pgf@pathminy=\dimen196
\pgf@pathmaxy=\dimen197
\pgf@xx=\dimen198
\pgf@xy=\dimen199
\pgf@yx=\dimen256
\pgf@yy=\dimen257
\pgf@zx=\dimen258
\pgf@zy=\dimen259
)
(C:\Users\kelru\AppData\Local\Programs\MiKTeX\tex/generic/pgf/basiclayer\pgfcorepathconstruct.code.tex
File: pgfcorepathconstruct.code.tex 2026-08-01 v3.1.12 (3.1.12)
\pgf@path@lastx=\dimen260
\pgf@path@lasty=\dimen261
)
(C:\Users\kelru\AppData\Local\Programs\MiKTeX\tex/generic/pgf/basiclayer\pgfcorepathusage.code.tex
File: pgfcorepathusage.code.tex 2026-08-01 v3.1.12 (3.1.12)
\pgf@shorten@end@additional=\dimen262
\pgf@shorten@start@additional=\dimen263
)
(C:\Users\kelru\AppData\Local\Programs\MiKTeX\tex/generic/pgf/basiclayer\pgfcorescopes.code.tex
File: pgfcorescopes.code.tex 2026-08-01 v3.1.12 (3.1.12)
\pgfpic=\box65
\pgf@hbox=\box66
\pgf@layerbox@main=\box67
\pgf@picture@serial@count=\count311
)
(C:\Users\kelru\AppData\Local\Programs\MiKTeX\tex/generic/pgf/basiclayer\pgfcoregraphicstate.code.tex
File: pgfcoregraphicstate.code.tex 2026-08-01 v3.1.12 (3.1.12)
\pgflinewidth=\dimen264
)
(C:\Users\kelru\AppData\Local\Programs\MiKTeX\tex/generic/pgf/basiclayer\pgfcoretransformations.code.tex
File: pgfcoretransformations.code.tex 2026-08-01 v3.1.12 (3.1.12)
\pgf@pt@x=\dimen265
\pgf@pt@y=\dimen266
\pgf@pt@temp=\dimen267
)
(C:\Users\kelru\AppData\Local\Programs\MiKTeX\tex/generic/pgf/basiclayer\pgfcorequick.code.tex
File: pgfcorequick.code.tex 2026-08-01 v3.1.12 (3.1.12)
)
(C:\Users\kelru\AppData\Local\Programs\MiKTeX\tex/generic/pgf/basiclayer\pgfcoreobjects.code.tex
File: pgfcoreobjects.code.tex 2026-08-01 v3.1.12 (3.1.12)
)
(C:\Users\kelru\AppData\Local\Programs\MiKTeX\tex/generic/pgf/basiclayer\pgfcorepathprocessing.code.tex
File: pgfcorepathprocessing.code.tex 2026-08-01 v3.1.12 (3.1.12)
)
(C:\Users\kelru\AppData\Local\Programs\MiKTeX\tex/generic/pgf/basiclayer\pgfcorearrows.code.tex
File: pgfcorearrows.code.tex 2026-08-01 v3.1.12 (3.1.12)
\pgfarrowsep=\dimen268
)
(C:\Users\kelru\AppData\Local\Programs\MiKTeX\tex/generic/pgf/basiclayer\pgfcoreshade.code.tex
File: pgfcoreshade.code.tex 2026-08-01 v3.1.12 (3.1.12)
\pgf@max=\dimen269
\pgf@sys@shading@range@num=\count312
\pgf@shadingcount=\count313
)
(C:\Users\kelru\AppData\Local\Programs\MiKTeX\tex/generic/pgf/basiclayer\pgfcoreimage.code.tex
File: pgfcoreimage.code.tex 2026-08-01 v3.1.12 (3.1.12)
)
(C:\Users\kelru\AppData\Local\Programs\MiKTeX\tex/generic/pgf/basiclayer\pgfcoreexternal.code.tex
File: pgfcoreexternal.code.tex 2026-08-01 v3.1.12 (3.1.12)
\pgfexternal@startupbox=\box68
)
(C:\Users\kelru\AppData\Local\Programs\MiKTeX\tex/generic/pgf/basiclayer\pgfcorelayers.code.tex
File: pgfcorelayers.code.tex 2026-08-01 v3.1.12 (3.1.12)
)
(C:\Users\kelru\AppData\Local\Programs\MiKTeX\tex/generic/pgf/basiclayer\pgfcoretransparency.code.tex
File: pgfcoretransparency.code.tex 2026-08-01 v3.1.12 (3.1.12)
)
(C:\Users\kelru\AppData\Local\Programs\MiKTeX\tex/generic/pgf/basiclayer\pgfcorepatterns.code.tex
File: pgfcorepatterns.code.tex 2026-08-01 v3.1.12 (3.1.12)
)
(C:\Users\kelru\AppData\Local\Programs\MiKTeX\tex/generic/pgf/basiclayer\pgfcorerdf.code.tex
File: pgfcorerdf.code.tex 2026-08-01 v3.1.12 (3.1.12)
)))
(C:\Users\kelru\AppData\Local\Programs\MiKTeX\tex/generic/pgf/modules\pgfmoduleshapes.code.tex
File: pgfmoduleshapes.code.tex 2026-08-01 v3.1.12 (3.1.12)
\pgfnodeparttextbox=\box69
)
(C:\Users\kelru\AppData\Local\Programs\MiKTeX\tex/generic/pgf/modules\pgfmoduleplot.code.tex
File: pgfmoduleplot.code.tex 2026-08-01 v3.1.12 (3.1.12)
)
(C:\Users\kelru\AppData\Local\Programs\MiKTeX\tex/latex/pgf/compatibility\pgfcomp-version-0-65.sty
Package: pgfcomp-version-0-65 2026-08-01 v3.1.12 (3.1.12)
\pgf@nodesepstart=\dimen270
\pgf@nodesepend=\dimen271
)
(C:\Users\kelru\AppData\Local\Programs\MiKTeX\tex/latex/pgf/compatibility\pgfcomp-version-1-18.sty
Package: pgfcomp-version-1-18 2026-08-01 v3.1.12 (3.1.12)
))
(C:\Users\kelru\AppData\Local\Programs\MiKTeX\tex/latex/pgf/utilities\pgffor.sty
(C:\Users\kelru\AppData\Local\Programs\MiKTeX\tex/latex/pgf/utilities\pgfkeys.sty
(C:\Users\kelru\AppData\Local\Programs\MiKTeX\tex/generic/pgf/utilities\pgfkeys.code.tex))
(C:\Users\kelru\AppData\Local\Programs\MiKTeX\tex/latex/pgf/math\pgfmath.sty
(C:\Users\kelru\AppData\Local\Programs\MiKTeX\tex/generic/pgf/math\pgfmath.code.tex))
(C:\Users\kelru\AppData\Local\Programs\MiKTeX\tex/generic/pgf/utilities\pgffor.code.tex
Package: pgffor 2026-08-01 v3.1.12 (3.1.12)
\pgffor@iter=\dimen272
\pgffor@skip=\dimen273
\pgffor@stack=\toks46
\pgffor@toks=\toks47
))
(C:\Users\kelru\AppData\Local\Programs\MiKTeX\tex/generic/pgf/frontendlayer/tikz\tikz.code.tex
Package: tikz 2026-08-01 v3.1.12 (3.1.12)

(C:\Users\kelru\AppData\Local\Programs\MiKTeX\tex/generic/pgf/libraries\pgflibraryplothandlers.code.tex
File: pgflibraryplothandlers.code.tex 2026-08-01 v3.1.12 (3.1.12)
\pgf@plot@mark@count=\count314
\pgfplotmarksize=\dimen274
)
\tikz@lastx=\dimen275
\tikz@lasty=\dimen276
\tikz@lastxsaved=\dimen277
\tikz@lastysaved=\dimen278
\tikz@lastmovetox=\dimen279
\tikz@lastmovetoy=\dimen280
\tikzleveldistance=\dimen281
\tikzsiblingdistance=\dimen282
\tikz@figbox=\box70
\tikz@figbox@bg=\box71
\tikz@tempbox=\box72
\tikz@tempbox@bg=\box73
\tikztreelevel=\count315
\tikznumberofchildren=\count316
\tikznumberofcurrentchild=\count317
\tikz@fig@count=\count318

(C:\Users\kelru\AppData\Local\Programs\MiKTeX\tex/generic/pgf/modules\pgfmodulematrix.code.tex
File: pgfmodulematrix.code.tex 2026-08-01 v3.1.12 (3.1.12)
\pgfmatrixcurrentrow=\count319
\pgfmatrixcurrentcolumn=\count320
\pgf@matrix@numberofcolumns=\count321
)
\tikz@expandcount=\count322

(C:\Users\kelru\AppData\Local\Programs\MiKTeX\tex/generic/pgf/frontendlayer/tikz/libraries\tikzlibrarytopaths.code.tex
File: tikzlibrarytopaths.code.tex 2026-08-01 v3.1.12 (3.1.12)
))) (C:\Users\kelru\AppData\Local\Programs\MiKTeX\tex/generic/pgf/frontendlayer/tikz/libraries\tikzlibrarymatrix.code.te
x
File: tikzlibrarymatrix.code.tex 2026-08-01 v3.1.12 (3.1.12)
) (C:\Users\kelru\AppData\Roaming\MiKTeX\tex/latex/tikz-cd\tikzlibrarycd.code.tex
(C:\Users\kelru\AppData\Local\Programs\MiKTeX\tex/generic/pgf/frontendlayer/tikz/libraries\tikzlibraryquotes.code.tex
File: tikzlibraryquotes.code.tex 2026-08-01 v3.1.12 (3.1.12)
)
(C:\Users\kelru\AppData\Local\Programs\MiKTeX\tex/generic/pgf/libraries\pgflibraryarrows.meta.code.tex
File: pgflibraryarrows.meta.code.tex 2026-08-01 v3.1.12 (3.1.12)
\pgfarrowinset=\dimen283
\pgfarrowlength=\dimen284
\pgfarrowwidth=\dimen285
\pgfarrowlinewidth=\dimen286
))
(C:\Users\kelru\AppData\Local\Programs\MiKTeX\tex/generic/pgf/frontendlayer/tikz/libraries\tikzlibraryarrows.code.tex
File: tikzlibraryarrows.code.tex 2026-08-01 v3.1.12 (3.1.12)

(C:\Users\kelru\AppData\Local\Programs\MiKTeX\tex/generic/pgf/libraries\pgflibraryarrows.code.tex
File: pgflibraryarrows.code.tex 2026-08-01 v3.1.12 (3.1.12)
\arrowsize=\dimen287
))
(C:\Users\kelru\AppData\Local\Programs\MiKTeX\tex/latex/lm\lmodern.sty
Package: lmodern 2015/05/01 v1.6.1 Latin Modern Fonts
LaTeX Font Info:    Overwriting symbol font `operators' in version `normal'
(Font)                  OT1/cmr/m/n --> OT1/lmr/m/n on input line 22.
LaTeX Font Info:    Overwriting symbol font `letters' in version `normal'
(Font)                  OML/cmm/m/it --> OML/lmm/m/it on input line 23.
LaTeX Font Info:    Overwriting symbol font `symbols' in version `normal'
(Font)                  OMS/cmsy/m/n --> OMS/lmsy/m/n on input line 24.
LaTeX Font Info:    Overwriting symbol font `largesymbols' in version `normal'
(Font)                  OMX/cmex/m/n --> OMX/lmex/m/n on input line 25.
LaTeX Font Info:    Overwriting symbol font `operators' in version `bold'
(Font)                  OT1/cmr/bx/n --> OT1/lmr/bx/n on input line 26.
LaTeX Font Info:    Overwriting symbol font `letters' in version `bold'
(Font)                  OML/cmm/b/it --> OML/lmm/b/it on input line 27.
LaTeX Font Info:    Overwriting symbol font `symbols' in version `bold'
(Font)                  OMS/cmsy/b/n --> OMS/lmsy/b/n on input line 28.
LaTeX Font Info:    Overwriting symbol font `largesymbols' in version `bold'
(Font)                  OMX/cmex/m/n --> OMX/lmex/m/n on input line 29.
LaTeX Font Info:    Overwriting math alphabet `\mathbf' in version `normal'
(Font)                  OT1/cmr/bx/n --> OT1/lmr/bx/n on input line 31.
LaTeX Font Info:    Overwriting math alphabet `\mathsf' in version `normal'
(Font)                  OT1/cmss/m/n --> OT1/lmss/m/n on input line 32.
LaTeX Font Info:    Overwriting math alphabet `\mathit' in version `normal'
(Font)                  OT1/cmr/m/it --> OT1/lmr/m/it on input line 33.
LaTeX Font Info:    Overwriting math alphabet `\mathtt' in version `normal'
(Font)                  OT1/cmtt/m/n --> OT1/lmtt/m/n on input line 34.
LaTeX Font Info:    Overwriting math alphabet `\mathbf' in version `bold'
(Font)                  OT1/cmr/bx/n --> OT1/lmr/bx/n on input line 35.
LaTeX Font Info:    Overwriting math alphabet `\mathsf' in version `bold'
(Font)                  OT1/cmss/bx/n --> OT1/lmss/bx/n on input line 36.
LaTeX Font Info:    Overwriting math alphabet `\mathit' in version `bold'
(Font)                  OT1/cmr/bx/it --> OT1/lmr/bx/it on input line 37.
LaTeX Font Info:    Overwriting math alphabet `\mathtt' in version `bold'
(Font)                  OT1/cmtt/m/n --> OT1/lmtt/m/n on input line 38.
)
(C:\Users\kelru\AppData\Roaming\MiKTeX\tex/latex/microtype\microtype.sty
Package: microtype 2025/02/11 v3.2a Micro-typographical refinements (RS)

(C:\Users\kelru\AppData\Local\Programs\MiKTeX\tex/latex/etoolbox\etoolbox.sty
Package: etoolbox 2025/10/02 v2.5m e-TeX tools for LaTeX (JAW)
\etb@tempcnta=\count323
)
\MT@toks=\toks48
\MT@tempbox=\box74
\MT@count=\count324
LaTeX Info: Redefining \noprotrusionifhmode on input line 1087.
LaTeX Info: Redefining \leftprotrusion on input line 1088.
\MT@prot@toks=\toks49
LaTeX Info: Redefining \rightprotrusion on input line 1107.
LaTeX Info: Redefining \textls on input line 1449.
\MT@outer@kern=\dimen288
LaTeX Info: Redefining \microtypecontext on input line 2053.
LaTeX Info: Redefining \textmicrotypecontext on input line 2070.
\MT@listname@count=\count325

(C:\Users\kelru\AppData\Roaming\MiKTeX\tex/latex/microtype\microtype-pdftex.def
File: microtype-pdftex.def 2025/02/11 v3.2a Definitions specific to pdftex (RS)
LaTeX Info: Redefining \lsstyle on input line 944.
LaTeX Info: Redefining \lslig on input line 944.
\MT@outer@space=\skip62
)
Package microtype Info: Loading configuration file microtype.cfg.

(C:\Users\kelru\AppData\Roaming\MiKTeX\tex/latex/microtype\microtype.cfg
File: microtype.cfg 2025/02/11 v3.2a microtype main configuration file (RS)
)
LaTeX Info: Redefining \microtypesetup on input line 3065.
)
(C:\Users\kelru\AppData\Local\Programs\MiKTeX\tex/latex/enumitem\enumitem.sty
Package: enumitem 2025/02/06 v3.11 Customized lists
\labelindent=\skip63
\enit@outerparindent=\dimen289
\enit@toks=\toks50
\enit@inbox=\box75
\enit@count@id=\count326
\enitdp@description=\count327
)
(C:\Users\kelru\AppData\Local\Programs\MiKTeX\tex/latex/setspace\setspace.sty
Package: setspace 2022/12/04 v6.7b set line spacing
)
(C:\Users\kelru\AppData\Roaming\MiKTeX\tex/generic/xypic\xy.sty
(C:\Users\kelru\AppData\Roaming\MiKTeX\tex/generic/xypic\xy.tex Bootstrap'ing: catcodes, docmode,
(C:\Users\kelru\AppData\Roaming\MiKTeX\tex/generic/xypic\xyrecat.tex)
(C:\Users\kelru\AppData\Roaming\MiKTeX\tex/generic/xypic\xyidioms.tex)

 Xy-pic version 3.8.9 <2013/10/06>
 Copyright (c) 1991-2013 by Kristoffer H. Rose <krisrose@tug.org> and others
 Xy-pic is free software: see the User's Guide for details.

Loading kernel: messages; fonts; allocations: state,
\X@c=\dimen290
\Y@c=\dimen291
\U@c=\dimen292
\D@c=\dimen293
\L@c=\dimen294
\R@c=\dimen295
\Edge@c=\toks51
\X@p=\dimen296
\Y@p=\dimen297
\U@p=\dimen298
\D@p=\dimen299
\L@p=\dimen300
\R@p=\dimen301
\Edge@p=\toks52
\X@origin=\dimen302
\Y@origin=\dimen303
\X@xbase=\dimen304
\Y@xbase=\dimen305
\X@ybase=\dimen306
\Y@ybase=\dimen307
\X@min=\dimen308
\Y@min=\dimen309
\X@max=\dimen310
\Y@max=\dimen311
\lastobjectbox@=\box76
\zerodotbox@=\box77
\almostz@=\dimen312
 direction,
\d@X=\dimen313
\d@Y=\dimen314
\K@=\count328
\KK@=\count329
\Direction=\count330
\K@dXdY=\dimen315
\K@dYdX=\dimen316
\xyread@=\read3
\xywrite@=\write4
\csp@=\count331
\quotPTK@=\dimen317
 utility macros; pictures: \xy, positions,
\swaptoks@@=\toks53
\connectobjectbox@@=\box78
 objects,
\styletoks@=\toks54

decorations; kernel objects: directionals, circles, text; options; algorithms: directions, edges, connections;
 Xy-pic loaded)
Package: xy 2013/10/06 Xy-pic version 3.8.9
 (C:\Users\kelru\AppData\Roaming\MiKTeX\tex/generic/xypic\xyall.tex  Xy-pic option: All features v.3.8
(C:\Users\kelru\AppData\Roaming\MiKTeX\tex/generic/xypic\xycurve.tex  Xy-pic option: Curve and Spline extension v.3.12
curve,
\crv@cnt@=\count332
\crvpts@=\toks55
\splinebox@=\box79
\splineval@=\dimen318
\splinedepth@=\dimen319
\splinetol@=\dimen320
\splinelength@=\dimen321
 circles,
\L@=\dimen322
 loaded) (C:\Users\kelru\AppData\Roaming\MiKTeX\tex/generic/xypic\xyframe.tex
 Xy-pic option: Frame and Bracket extension v.3.14 loaded)
(C:\Users\kelru\AppData\Roaming\MiKTeX\tex/generic/xypic\xycmtip.tex
 Xy-pic option: Computer Modern tip extension v.3.7 (C:\Users\kelru\AppData\Roaming\MiKTeX\tex/generic/xypic\xytips.tex
 Xy-pic option: More Tips extension v.3.11 loaded) loaded)
(C:\Users\kelru\AppData\Roaming\MiKTeX\tex/generic/xypic\xyline.tex  Xy-pic option: Line styles extension v.3.10
\xylinethick@=\dimen323
 loaded) (C:\Users\kelru\AppData\Roaming\MiKTeX\tex/generic/xypic\xyrotate.tex  Xy-pic option: Rotate and Scale extensio
n v.3.8
loaded) (C:\Users\kelru\AppData\Roaming\MiKTeX\tex/generic/xypic\xycolor.tex  Xy-pic option: Colour extension v.3.11
loaded) (C:\Users\kelru\AppData\Roaming\MiKTeX\tex/generic/xypic\xymatrix.tex  Xy-pic option: Matrix feature v.3.14
\Row=\count333
\Col=\count334
\queue@=\toks56
\queue@@=\toks57
\qcount@=\count335
\qcount@@=\count336
\matrixsize@=\count337

loaded) (C:\Users\kelru\AppData\Roaming\MiKTeX\tex/generic/xypic\xyarrow.tex
 Xy-pic option: Arrow and Path feature v.3.9 path, \ar, loaded)
(C:\Users\kelru\AppData\Roaming\MiKTeX\tex/generic/xypic\xygraph.tex  Xy-pic option: Graph feature v.3.11 loaded)
loaded) (C:\Users\kelru\AppData\Roaming\MiKTeX\tex/generic/xypic\xyknot.tex
 Xy-pic option: Knots and Links feature v.3.9 knots and links, loaded)
(C:\Users\kelru\AppData\Roaming\MiKTeX\tex/generic/xypic\xypdf.tex  Xy-pic option: PDF driver v.1.7
Xy-pic pdf driver: `color' extension support (C:\Users\kelru\AppData\Roaming\MiKTeX\tex/generic/xypic\xypdf-co.tex
loaded) Xy-pic pdf driver: `curve' extension support
(C:\Users\kelru\AppData\Roaming\MiKTeX\tex/generic/xypic\xypdf-cu.tex loaded)
Xy-pic pdf driver: `frame' extension support (C:\Users\kelru\AppData\Roaming\MiKTeX\tex/generic/xypic\xypdf-fr.tex
loaded) Xy-pic pdf driver: `line' extension support
(C:\Users\kelru\AppData\Roaming\MiKTeX\tex/generic/xypic\xypdf-li.tex loaded)
Xy-pic pdf driver: `rotate' extension support (C:\Users\kelru\AppData\Roaming\MiKTeX\tex/generic/xypic\xypdf-ro.tex
loaded) loaded)) (C:\Users\kelru\AppData\Roaming\MiKTeX\tex/generic/xypic\xyarc.tex
 Xy-pic option: Circle, Ellipse, Arc feature v.3.8 circles, ellipses, elliptical arcs, loaded)
\c@access=\count338

(C:\Users\kelru\AppData\Local\Programs\MiKTeX\tex/generic/pgf/frontendlayer/tikz/libraries/graphs\tikzlibrarygraphs.code
.tex
File: tikzlibrarygraphs.code.tex 2026-08-01 v3.1.12 (3.1.12)
\tikz@lib@auto@number=\count339
\tikz@qnode@count=\count340
)
(C:\Users\kelru\AppData\Local\Programs\MiKTeX\tex/generic/pgf/frontendlayer/tikz/libraries\tikzlibrarydecorations.pathmo
rphing.code.tex
(C:\Users\kelru\AppData\Local\Programs\MiKTeX\tex/generic/pgf/frontendlayer/tikz/libraries\tikzlibrarydecorations.code.t
ex (C:\Users\kelru\AppData\Local\Programs\MiKTeX\tex/generic/pgf/modules\pgfmoduledecorations.code.tex
\pgfdecoratedcompleteddistance=\dimen324
\pgfdecoratedremainingdistance=\dimen325
\pgfdecoratedinputsegmentcompleteddistance=\dimen326
\pgfdecoratedinputsegmentremainingdistance=\dimen327
\pgf@decorate@distancetomove=\dimen328
\pgf@decorate@repeatstate=\count341
\pgfdecorationsegmentamplitude=\dimen329
\pgfdecorationsegmentlength=\dimen330
)
\tikz@lib@dec@box=\box80
)
(C:\Users\kelru\AppData\Local\Programs\MiKTeX\tex/generic/pgf/libraries/decorations\pgflibrarydecorations.pathmorphing.c
ode.tex))
(C:\Users\kelru\AppData\Local\Programs\MiKTeX\tex/generic/pgf/frontendlayer/tikz/libraries\tikzlibrarydecorations.markin
gs.code.tex
(C:\Users\kelru\AppData\Local\Programs\MiKTeX\tex/generic/pgf/libraries/decorations\pgflibrarydecorations.markings.code.
tex)) (C:\Users\kelru\AppData\Roaming\MiKTeX\tex/latex/mathtools\mathtools.sty
Package: mathtools 2024/10/04 v1.31 mathematical typesetting tools

(C:\Users\kelru\AppData\Local\Programs\MiKTeX\tex/latex/tools\calc.sty
Package: calc 2025/03/01 v4.3b Infix arithmetic (KKT,FJ)
\calc@Acount=\count342
\calc@Bcount=\count343
\calc@Adimen=\dimen331
\calc@Bdimen=\dimen332
\calc@Askip=\skip64
\calc@Bskip=\skip65
LaTeX Info: Redefining \setlength on input line 86.
LaTeX Info: Redefining \addtolength on input line 87.
\calc@Ccount=\count344
\calc@Cskip=\skip66
)
(C:\Users\kelru\AppData\Roaming\MiKTeX\tex/latex/mathtools\mhsetup.sty
Package: mhsetup 2021/03/18 v1.4 programming setup (MH)
)
\g_MT_multlinerow_int=\count345
\l_MT_multwidth_dim=\dimen333
\origjot=\skip67
\l_MT_shortvdotswithinadjustabove_dim=\dimen334
\l_MT_shortvdotswithinadjustbelow_dim=\dimen335
\l_MT_above_intertext_sep=\dimen336
\l_MT_below_intertext_sep=\dimen337
\l_MT_above_shortintertext_sep=\dimen338
\l_MT_below_shortintertext_sep=\dimen339
\xmathstrut@box=\box81
\xmathstrut@dim=\dimen340
)
(C:\Users\kelru\AppData\Roaming\MiKTeX\tex/generic/xypic\xyarc.tex  Xy-pic option: Circle, Ellipse, Arc feature v.3.8
not reloaded) (C:\Users\kelru\AppData\Roaming\MiKTeX\tex/latex/appendix\appendix.sty
Package: appendix 2020/02/08 v1.2c extra appendix facilities
\c@@pps=\count346
\c@@ppsavesec=\count347
\c@@ppsaveapp=\count348
)
(C:\Users\kelru\AppData\Local\Programs\MiKTeX\tex/latex/hyperref\hyperref.sty
Package: hyperref 2026-06-17 v7.01r Hypertext links for LaTeX

(C:\Users\kelru\AppData\Roaming\MiKTeX\tex/latex/kvsetkeys\kvsetkeys.sty
Package: kvsetkeys 2022-10-05 v1.19 Key value parser (HO)
)
(C:\Users\kelru\AppData\Roaming\MiKTeX\tex/generic/kvdefinekeys\kvdefinekeys.sty
Package: kvdefinekeys 2019-12-19 v1.6 Define keys (HO)
)
(C:\Users\kelru\AppData\Roaming\MiKTeX\tex/generic/pdfescape\pdfescape.sty
Package: pdfescape 2019/12/09 v1.15 Implements pdfTeX's escape features (HO)

(C:\Users\kelru\AppData\Local\Programs\MiKTeX\tex/generic/pdftexcmds\pdftexcmds.sty
Package: pdftexcmds 2020-06-27 v0.33 Utility functions of pdfTeX for LuaTeX (HO)
Package pdftexcmds Info: \pdf@primitive is available.
Package pdftexcmds Info: \pdf@ifprimitive is available.
Package pdftexcmds Info: \pdfdraftmode found.
))
(C:\Users\kelru\AppData\Roaming\MiKTeX\tex/latex/hycolor\hycolor.sty
Package: hycolor 2020-01-27 v1.10 Color options for hyperref/bookmark (HO)
)
(C:\Users\kelru\AppData\Local\Programs\MiKTeX\tex/latex/hyperref\nameref.sty
Package: nameref 2026-01-29 v2.58 Cross-referencing by name of section

(C:\Users\kelru\AppData\Roaming\MiKTeX\tex/latex/refcount\refcount.sty
Package: refcount 2019/12/15 v3.6 Data extraction from label references (HO)
)
(C:\Users\kelru\AppData\Roaming\MiKTeX\tex/generic/gettitlestring\gettitlestring.sty
Package: gettitlestring 2019/12/15 v1.6 Cleanup title references (HO)

(C:\Users\kelru\AppData\Roaming\MiKTeX\tex/latex/kvoptions\kvoptions.sty
Package: kvoptions 2022-06-15 v3.15 Key value format for package options (HO)
))
\c@section@level=\count349
)
(C:\Users\kelru\AppData\Roaming\MiKTeX\tex/generic/stringenc\stringenc.sty
Package: stringenc 2019/11/29 v1.12 Convert strings between diff. encodings (HO)
)
\@linkdim=\dimen341
\Hy@linkcounter=\count350
\Hy@pagecounter=\count351

(C:\Users\kelru\AppData\Local\Programs\MiKTeX\tex/latex/hyperref\pd1enc.def
File: pd1enc.def 2026-06-17 v7.01r Hyperref: PDFDocEncoding definition (HO)
Now handling font encoding PD1 ...
... no UTF-8 mapping file for font encoding PD1
)
(C:\Users\kelru\AppData\Roaming\MiKTeX\tex/generic/intcalc\intcalc.sty
Package: intcalc 2019/12/15 v1.3 Expandable calculations with integers (HO)
)
\Hy@SavedSpaceFactor=\count352

(C:\Users\kelru\AppData\Local\Programs\MiKTeX\tex/latex/hyperref\puenc.def
File: puenc.def 2026-06-17 v7.01r Hyperref: PDF Unicode definition (HO)
Now handling font encoding PU ...
... no UTF-8 mapping file for font encoding PU
)
Package hyperref Info: Hyper figures OFF on input line 4199.
Package hyperref Info: Link nesting OFF on input line 4204.
Package hyperref Info: Hyper index ON on input line 4207.
Package hyperref Info: Plain pages OFF on input line 4214.
Package hyperref Info: Backreferencing OFF on input line 4219.
Package hyperref Info: Implicit mode ON; LaTeX internals redefined.
Package hyperref Info: Bookmarks ON on input line 4466.
\c@Hy@tempcnt=\count353

(C:\Users\kelru\AppData\Local\Programs\MiKTeX\tex/latex/url\url.sty
\Urlmuskip=\muskip18
Package: url 2013/09/16  ver 3.4  Verb mode for urls, etc.
)
LaTeX Info: Redefining \url on input line 4805.
\XeTeXLinkMargin=\dimen342

(C:\Users\kelru\AppData\Roaming\MiKTeX\tex/generic/bitset\bitset.sty
Package: bitset 2019/12/09 v1.3 Handle bit-vector datatype (HO)

(C:\Users\kelru\AppData\Roaming\MiKTeX\tex/generic/bigintcalc\bigintcalc.sty
Package: bigintcalc 2019/12/15 v1.5 Expandable calculations on big integers (HO)
))
\Fld@menulength=\count354
\Field@Width=\dimen343
\Fld@charsize=\dimen344
Package hyperref Info: Hyper figures OFF on input line 6091.
Package hyperref Info: Link nesting OFF on input line 6096.
Package hyperref Info: Hyper index ON on input line 6099.
Package hyperref Info: backreferencing OFF on input line 6106.
Package hyperref Info: Link coloring OFF on input line 6111.
Package hyperref Info: Link coloring with OCG OFF on input line 6116.
Package hyperref Info: PDF/A mode OFF on input line 6121.
\Hy@abspage=\count355
\c@Item=\count356
\c@Hfootnote=\count357
)
Package hyperref Info: Driver (autodetected): hpdftex.

(C:\Users\kelru\AppData\Local\Programs\MiKTeX\tex/latex/hyperref\hpdftex.def
File: hpdftex.def 2026-06-17 v7.01r Hyperref driver for pdfTeX
\Fld@listcount=\count358
\c@bookmark@seq@number=\count359

(C:\Users\kelru\AppData\Roaming\MiKTeX\tex/latex/rerunfilecheck\rerunfilecheck.sty
Package: rerunfilecheck 2022-07-10 v1.10 Rerun checks for auxiliary files (HO)

(C:\Users\kelru\AppData\Local\Programs\MiKTeX\tex/latex/base\atveryend-ltx.sty
Package: atveryend-ltx 2020/08/19 v1.0a Emulation of the original atveryend package
with kernel methods
)
(C:\Users\kelru\AppData\Roaming\MiKTeX\tex/generic/uniquecounter\uniquecounter.sty
Package: uniquecounter 2019/12/15 v1.4 Provide unlimited unique counter (HO)
)
Package uniquecounter Info: New unique counter `rerunfilecheck' on input line 285.
)
\Hy@SectionHShift=\skip68
)
Package hyperref Info: Option `hypertexnames' set `false' on input line 166.
Package hyperref Info: Option `colorlinks' set `true' on input line 166.
Package hyperref Info: Option `breaklinks' set `true' on input line 166.

(C:\Users\kelru\AppData\Local\Programs\MiKTeX\tex/latex/tcolorbox\tcolorbox.sty
Package: tcolorbox 2026/05/28 version 6.10.0 text color boxes

(C:\Users\kelru\AppData\Local\Programs\MiKTeX\tex/latex/tools\verbatim.sty
Package: verbatim 2024-01-22 v1.5x LaTeX2e package for verbatim enhancements
\every@verbatim=\toks58
\verbatim@line=\toks59
\verbatim@in@stream=\read4
)
(C:\Users\kelru\AppData\Local\Programs\MiKTeX\tex/latex/environ\environ.sty
Package: environ 2014/05/04 v0.3 A new way to define environments

(C:\Users\kelru\AppData\Local\Programs\MiKTeX\tex/latex/trimspaces\trimspaces.sty
Package: trimspaces 2009/09/17 v1.1 Trim spaces around a token list
))
\tcb@titlebox=\box82
\tcb@upperbox=\box83
\tcb@lowerbox=\box84
\tcb@phantombox=\box85
\c@tcbbreakpart=\count360
\c@tcblayer=\count361
\c@tcolorbox@number=\count362
\l__tcobox_tmpa_box=\box86
\l__tcobox_tmpa_dim=\dimen345
\tcb@temp=\box87
\tcb@temp=\box88
\tcb@temp=\box89
\tcb@temp=\box90

(C:\Users\kelru\AppData\Local\Programs\MiKTeX\tex/latex/tcolorbox\tcbraster.code.tex
Library (tcolorbox): 'tcbraster.code.tex' version '6.10.0'
\c@tcbrastercolumn=\count363
\c@tcbrasterrow=\count364
\c@tcbrasternum=\count365
\c@tcbraster=\count366
) (C:\Users\kelru\AppData\Local\Programs\MiKTeX\tex/latex/tcolorbox\tcbskins.code.tex
Library (tcolorbox): 'tcbskins.code.tex' version '6.10.0'
(C:\Users\kelru\AppData\Roaming\MiKTeX\tex/latex/tikzfill\tikzfill.image.sty
Package: tikzfill.image 2023/08/08 v1.0.1 Image filling library for TikZ

(C:\Users\kelru\AppData\Roaming\MiKTeX\tex/latex/tikzfill\tikzfill-common.sty
Package: tikzfill-common 2023/08/08 v1.0.1 Auxiliary code for tikzfill
)
(C:\Users\kelru\AppData\Roaming\MiKTeX\tex/latex/tikzfill\tikzlibraryfill.image.code.tex
File: tikzlibraryfill.image.code.tex 2023/08/08 v1.0.1 Image filling library
\l__tikzfill_img_box=\box91
))
(C:\Users\kelru\AppData\Local\Programs\MiKTeX\tex/latex/tcolorbox\tcbskinsjigsaw.code.tex
Library (tcolorbox): 'tcbskinsjigsaw.code.tex' version '6.10.0'
)) (C:\Users\kelru\AppData\Local\Programs\MiKTeX\tex/latex/tcolorbox\tcbbreakable.code.tex
Library (tcolorbox): 'tcbbreakable.code.tex' version '6.10.0'
(C:\Users\kelru\AppData\Roaming\MiKTeX\tex/latex/pdfcol\pdfcol.sty
Package: pdfcol 2022-09-21 v1.7 Handle new color stacks for pdfTeX (HO)
)
Package pdfcol Info: New color stack `tcb@breakable' = 1 on input line 23.
\tcb@testbox=\box92
\tcb@totalupperbox=\box93
\tcb@totallowerbox=\box94
)
(C:\Users\kelru\AppData\Local\Programs\MiKTeX\tex/latex/tcolorbox\tcbhooks.code.tex
Library (tcolorbox): 'tcbhooks.code.tex' version '6.10.0'
) (C:\Users\kelru\AppData\Local\Programs\MiKTeX\tex/latex/tcolorbox\tcbtheorems.code.tex
Library (tcolorbox): 'tcbtheorems.code.tex' version '6.10.0'
) (C:\Users\kelru\AppData\Local\Programs\MiKTeX\tex/latex/tcolorbox\tcbfitting.code.tex
Library (tcolorbox): 'tcbfitting.code.tex' version '6.10.0'
\tcbfitdim=\dimen346
\tcb@lowerfitdim=\dimen347
\tcb@upperfitdim=\dimen348
\tcb@cur@hbadness=\count367
)) (C:\Users\kelru\AppData\Roaming\MiKTeX\tex/latex/cleveref\cleveref.sty
Package: cleveref 2018/03/27 v0.21.4 Intelligent cross-referencing
Package cleveref Info: `hyperref' support loaded on input line 2370.
LaTeX Info: Redefining \cref on input line 2370.
LaTeX Info: Redefining \Cref on input line 2370.
LaTeX Info: Redefining \crefrange on input line 2370.
LaTeX Info: Redefining \Crefrange on input line 2370.
LaTeX Info: Redefining \cpageref on input line 2370.
LaTeX Info: Redefining \Cpageref on input line 2370.
LaTeX Info: Redefining \cpagerefrange on input line 2370.
LaTeX Info: Redefining \Cpagerefrange on input line 2370.
LaTeX Info: Redefining \labelcref on input line 2370.
LaTeX Info: Redefining \labelcpageref on input line 2370.
Package cleveref Info: `amsthm' support loaded on input line 3026.
Package cleveref Info: always capitalise cross-reference names on input line 7825.
Package cleveref Info: include cross-reference names in hyperlinks on input line 7836.
Package cleveref Info: always capitalise cross-reference names on input line 7852.
Package cleveref Info: include cross-reference names in hyperlinks on input line 7852.
Package cleveref Info: no abbreviation of names on input line 7852.
)
==> First Aid for cleveref.sty applied!
\c@theorem=\count368
(C:\Users\kelru\AppData\Local\Programs\MiKTeX\tex/latex/tools\tabularx.sty
Package: tabularx 2023/12/11 v2.12a `tabularx' package (DPC)

(C:\Users\kelru\AppData\Local\Programs\MiKTeX\tex/latex/tools\array.sty
Package: array 2026/02/24 v2.7b Tabular extension package (FMi)
\col@sep=\dimen349
\ar@mcellbox=\box95
\extrarowheight=\dimen350
\NC@list=\toks60
\extratabsurround=\skip69
\backup@length=\skip70
\ar@cellbox=\box96
)
\TX@col@width=\dimen351
\TX@old@table=\dimen352
\TX@old@col=\dimen353
\TX@target=\dimen354
\TX@delta=\dimen355
\TX@cols=\count369
\TX@ftn=\toks61
)
(C:\Users\kelru\AppData\Roaming\MiKTeX\tex/latex/makecell\makecell.sty
Package: makecell 2009/08/03 V0.1e Managing of Tab Column Heads and Cells
\rotheadsize=\dimen356
\c@nlinenum=\count370
\TeXr@lab=\toks62
)
(C:\Users\kelru\AppData\Roaming\MiKTeX\tex/latex/colortbl\colortbl.sty
Package: colortbl 2024/10/29 v1.0k Color table columns (DPC)
\everycr=\toks63
\minrowclearance=\skip71
\rownum=\count371
)
\symmathx=\mathgroup8
Now handling font encoding LS1 ...
... no UTF-8 mapping file for font encoding LS1
LaTeX Font Info:    Redeclaring math alphabet \mathcal on input line 474.
LaTeX Font Info:    Trying to load font information for OT1+lmr on input line 488.

(C:\Users\kelru\AppData\Local\Programs\MiKTeX\tex/latex/lm\ot1lmr.fd
File: ot1lmr.fd 2015/05/01 v1.6.1 Font defs for Latin Modern
)
(C:\Users\kelru\AppData\Local\Programs\MiKTeX\tex/latex/l3kernel\l3backend-pdftex.def
File: l3backend-pdftex.def 2026-08-10 L3 backend support: PDF output (pdfTeX)
\l__color_backend_stack_int=\count372
) (CYM.aux)
\openout1 = `CYM.aux'.

LaTeX Font Info:    Checking defaults for OML/cmm/m/it on input line 488.
LaTeX Font Info:    ... okay on input line 488.
LaTeX Font Info:    Checking defaults for OMS/cmsy/m/n on input line 488.
LaTeX Font Info:    ... okay on input line 488.
LaTeX Font Info:    Checking defaults for OT1/cmr/m/n on input line 488.
LaTeX Font Info:    ... okay on input line 488.
LaTeX Font Info:    Checking defaults for T1/cmr/m/n on input line 488.
LaTeX Font Info:    ... okay on input line 488.
LaTeX Font Info:    Checking defaults for TS1/cmr/m/n on input line 488.
LaTeX Font Info:    ... okay on input line 488.
LaTeX Font Info:    Checking defaults for OMX/cmex/m/n on input line 488.
LaTeX Font Info:    ... okay on input line 488.
LaTeX Font Info:    Checking defaults for U/mathx/m/n on input line 488.
LaTeX Font Info:    ... okay on input line 488.
LaTeX Font Info:    Checking defaults for C00/song/m/n on input line 488.
LaTeX Font Info:    ... okay on input line 488.
LaTeX Font Info:    Checking defaults for C05/song/m/n on input line 488.
LaTeX Font Info:    ... okay on input line 488.
LaTeX Font Info:    Checking defaults for C09/song/m/n on input line 488.
LaTeX Font Info:    ... okay on input line 488.
LaTeX Font Info:    Checking defaults for C10/song/m/n on input line 488.
LaTeX Font Info:    ... okay on input line 488.
LaTeX Font Info:    Checking defaults for C20/song/m/n on input line 488.
LaTeX Font Info:    ... okay on input line 488.
LaTeX Font Info:    Checking defaults for C19/song/m/n on input line 488.
LaTeX Font Info:    ... okay on input line 488.
LaTeX Font Info:    Checking defaults for C40/song/m/n on input line 488.
LaTeX Font Info:    ... okay on input line 488.
LaTeX Font Info:    Checking defaults for C42/song/m/n on input line 488.
LaTeX Font Info:    ... okay on input line 488.
LaTeX Font Info:    Checking defaults for C43/song/m/n on input line 488.
LaTeX Font Info:    ... okay on input line 488.
LaTeX Font Info:    Checking defaults for C50/song/m/n on input line 488.
LaTeX Font Info:    ... okay on input line 488.
LaTeX Font Info:    Checking defaults for C52/song/m/n on input line 488.
LaTeX Font Info:    ... okay on input line 488.
LaTeX Font Info:    Checking defaults for C49/song/m/n on input line 488.
LaTeX Font Info:    ... okay on input line 488.
LaTeX Font Info:    Checking defaults for C60/mj/m/n on input line 488.
LaTeX Font Info:    ... okay on input line 488.
LaTeX Font Info:    Checking defaults for C61/mj/m/n on input line 488.
LaTeX Font Info:    ... okay on input line 488.
LaTeX Font Info:    Checking defaults for C63/mj/m/n on input line 488.
LaTeX Font Info:    ... okay on input line 488.
LaTeX Font Info:    Checking defaults for C64/mj/m/n on input line 488.
LaTeX Font Info:    ... okay on input line 488.
LaTeX Font Info:    Checking defaults for C65/mj/m/n on input line 488.
LaTeX Font Info:    ... okay on input line 488.
LaTeX Font Info:    Checking defaults for C70/song/m/n on input line 488.
LaTeX Font Info:    ... okay on input line 488.
LaTeX Font Info:    Checking defaults for C31/song/m/n on input line 488.
LaTeX Font Info:    ... okay on input line 488.
LaTeX Font Info:    Checking defaults for C32/song/m/n on input line 488.
LaTeX Font Info:    ... okay on input line 488.
LaTeX Font Info:    Checking defaults for C33/song/m/n on input line 488.
LaTeX Font Info:    ... okay on input line 488.
LaTeX Font Info:    Checking defaults for C34/song/m/n on input line 488.
LaTeX Font Info:    ... okay on input line 488.
LaTeX Font Info:    Checking defaults for C35/song/m/n on input line 488.
LaTeX Font Info:    ... okay on input line 488.
LaTeX Font Info:    Checking defaults for C36/song/m/n on input line 488.
LaTeX Font Info:    ... okay on input line 488.
LaTeX Font Info:    Checking defaults for C37/song/m/n on input line 488.
LaTeX Font Info:    ... okay on input line 488.
LaTeX Font Info:    Checking defaults for C80/song/m/n on input line 488.
LaTeX Font Info:    ... okay on input line 488.
LaTeX Font Info:    Checking defaults for C81/song/m/n on input line 488.
LaTeX Font Info:    ... okay on input line 488.
LaTeX Font Info:    Checking defaults for C01/song/m/n on input line 488.
LaTeX Font Info:    ... okay on input line 488.
LaTeX Font Info:    Checking defaults for C11/song/m/n on input line 488.
LaTeX Font Info:    ... okay on input line 488.
LaTeX Font Info:    Checking defaults for C21/song/m/n on input line 488.
LaTeX Font Info:    ... okay on input line 488.
LaTeX Font Info:    Checking defaults for C41/song/m/n on input line 488.
LaTeX Font Info:    ... okay on input line 488.
LaTeX Font Info:    Checking defaults for C62/song/m/n on input line 488.
LaTeX Font Info:    ... okay on input line 488.
LaTeX Font Info:    Checking defaults for PD1/pdf/m/n on input line 488.
LaTeX Font Info:    ... okay on input line 488.
LaTeX Font Info:    Checking defaults for PU/pdf/m/n on input line 488.
LaTeX Font Info:    ... okay on input line 488.
LaTeX Font Info:    Checking defaults for LS1/stix/m/n on input line 488.
LaTeX Font Info:    Trying to load font information for LS1+stix on input line 488.

(C:\Users\kelru\AppData\Roaming\MiKTeX\tex/latex/stix\ls1stix.fd
File: ls1stix.fd 2015/04/17 v1.1.2-latex STIX LS1 font definitions
)
LaTeX Font Info:    ... okay on input line 488.
LaTeX Font Info:    Trying to load font information for OML+lmm on input line 488.

(C:\Users\kelru\AppData\Local\Programs\MiKTeX\tex/latex/lm\omllmm.fd
File: omllmm.fd 2015/05/01 v1.6.1 Font defs for Latin Modern
)
LaTeX Font Info:    Trying to load font information for OMS+lmsy on input line 488.

(C:\Users\kelru\AppData\Local\Programs\MiKTeX\tex/latex/lm\omslmsy.fd
File: omslmsy.fd 2015/05/01 v1.6.1 Font defs for Latin Modern
)
LaTeX Font Info:    Trying to load font information for OMX+lmex on input line 488.

(C:\Users\kelru\AppData\Local\Programs\MiKTeX\tex/latex/lm\omxlmex.fd
File: omxlmex.fd 2015/05/01 v1.6.1 Font defs for Latin Modern
)
LaTeX Font Info:    External font `lmex10' loaded for size
(Font)              <8> on input line 488.
LaTeX Font Info:    External font `lmex10' loaded for size
(Font)              <6> on input line 488.
LaTeX Font Info:    External font `lmex10' loaded for size
(Font)              <5> on input line 488.
LaTeX Font Info:    Trying to load font information for U+msa on input line 488.

(C:\Users\kelru\AppData\Local\Programs\MiKTeX\tex/latex/amsfonts\umsa.fd
File: umsa.fd 2013/01/14 v3.01 AMS symbols A
)
LaTeX Font Info:    Trying to load font information for U+msb on input line 488.

(C:\Users\kelru\AppData\Local\Programs\MiKTeX\tex/latex/amsfonts\umsb.fd
File: umsb.fd 2013/01/14 v3.01 AMS symbols B
)
LaTeX Font Info:    Trying to load font information for U+rsfs on input line 488.

(C:\Users\kelru\AppData\Roaming\MiKTeX\tex/latex/jknappen\ursfs.fd
File: ursfs.fd 1998/03/24 rsfs font definition file (jk)
)
LaTeX Font Info:    Trying to load font information for U+lasy on input line 488.

(C:\Users\kelru\AppData\Local\Programs\MiKTeX\tex/latex/base\ulasy.fd
File: ulasy.fd 1998/08/17 v2.2e LaTeX symbol font definitions
)
(C:\Users\kelru\AppData\Local\Programs\MiKTeX\tex/context/base/mkii\supp-pdf.mkii
[Loading MPS to PDF converter (version 2006.09.02).]
\scratchcounter=\count373
\scratchdimen=\dimen357
\scratchbox=\box97
\nofMPsegments=\count374
\nofMParguments=\count375
\everyMPshowfont=\toks64
\MPscratchCnt=\count376
\MPscratchDim=\dimen358
\MPnumerator=\count377
\makeMPintoPDFobject=\count378
\everyMPtoPDFconversion=\toks65
) (C:\Users\kelru\AppData\Local\Programs\MiKTeX\tex/latex/epstopdf-pkg\epstopdf-base.sty
Package: epstopdf-base 2020-01-24 v2.11 Base part for package epstopdf
Package epstopdf-base Info: Redefining graphics rule for `.eps' on input line 485.

(C:\Users\kelru\AppData\Local\Programs\MiKTeX\tex/latex/00miktex\epstopdf-sys.cfg
File: epstopdf-sys.cfg 2021/03/18 v2.0 Configuration of epstopdf for MiKTeX
))
*geometry* driver: auto-detecting
*geometry* detected driver: pdftex
*geometry* verbose mode - [ preamble ] result:
* driver: pdftex
* paper: a4paper
* layout: <same size as paper>
* layoutoffset:(h,v)=(0.0pt,0.0pt)
* modes: 
* h-part:(L,W,R)=(83.75394pt, 430.0pt, 83.75394pt)
* v-part:(T,H,B)=(86.01874pt, 630.0pt, 129.0281pt)
* \paperwidth=597.50787pt
* \paperheight=845.04684pt
* \textwidth=430.0pt
* \textheight=630.0pt
* \oddsidemargin=11.48395pt
* \evensidemargin=11.48395pt
* \topmargin=-8.25125pt
* \headheight=8.0pt
* \headsep=14.0pt
* \topskip=10.0pt
* \footskip=12.0pt
* \marginparwidth=90.0pt
* \marginparsep=11.0pt
* \columnsep=10.0pt
* \skip\footins=7.0pt plus 11.0pt
* \hoffset=0.0pt
* \voffset=0.0pt
* \mag=1000
* \@twocolumnfalse
* \@twosidefalse
* \@mparswitchfalse
* \@reversemarginfalse
* (1in=72.27pt=25.4mm, 1cm=28.453pt)

LaTeX Info: Redefining \microtypecontext on input line 488.
Package microtype Info: Applying patch `item' on input line 488.
Package microtype Info: Applying patch `toc' on input line 488.
Package microtype Info: Applying patch `eqnum' on input line 488.

Package microtype Warning: Unable to apply patch `footnote' on input line 488.

Package microtype Info: Applying patch `verbatim' on input line 488.
LaTeX Info: Redefining \microtypesetup on input line 488.
Package microtype Info: Generating PDF output.
Package microtype Info: Character protrusion enabled (level 2).
Package microtype Info: Using default protrusion set `alltext'.
Package microtype Info: Automatic font expansion enabled (level 2),
(microtype)             stretch: 20, shrink: 20, step: 1, non-selected.
Package microtype Info: Using default expansion set `alltext-nott'.

LaTeX Warning: Command \showhyphens   has changed.
               Check if current package is valid.

LaTeX Info: Redefining \showhyphens on input line 488.
Package microtype Info: No adjustment of tracking.
Package microtype Info: No adjustment of interword spacing.
Package microtype Info: No adjustment of character kerning.
(C:\Users\kelru\AppData\Roaming\MiKTeX\tex/latex/microtype\mt-cmr.cfg
File: mt-cmr.cfg 2013/05/19 v2.2 microtype config. file: Computer Modern Roman (RS)
)
LaTeX Font Info:    External font `lmex10' loaded for size
(Font)              <10> on input line 488.
LaTeX Font Info:    External font `lmex10' loaded for size
(Font)              <7> on input line 488.

(C:\Users\kelru\AppData\Roaming\MiKTeX\tex/latex/microtype\mt-msa.cfg
File: mt-msa.cfg 2006/02/04 v1.1 microtype config. file: AMS symbols (a) (RS)
)
(C:\Users\kelru\AppData\Roaming\MiKTeX\tex/latex/microtype\mt-msb.cfg
File: mt-msb.cfg 2005/06/01 v1.0 microtype config. file: AMS symbols (b) (RS)
)
Package xypdf Info: Line width: 0.39998pt on input line 488.
Package hyperref Info: Link coloring ON on input line 488.
 (CYM.out) (CYM.out)
\@outlinefile=\write5
\openout5 = `CYM.out'.

LaTeX Font Info:    External font `lmex10' loaded for size
(Font)              <12> on input line 541.

(C:\Users\kelru\AppData\Roaming\MiKTeX\tex/latex/cjk/UTF8\UTF8.bdg
File: UTF8.bdg 2021/10/16 4.8.5
)
(C:\Users\kelru\AppData\Roaming\MiKTeX\tex/latex/cjk/UTF8\UTF8.enc
File: UTF8.enc 2021/10/16 4.8.5
)
(C:\Users\kelru\AppData\Roaming\MiKTeX\tex/latex/cjk/UTF8\UTF8.chr
File: UTF8.chr 2021/10/16 4.8.5
)
LaTeX Font Info:    Trying to load font information for C70+bkai on input line 546.

(C:\Users\kelru\AppData\Roaming\MiKTeX\tex/latex/cjk/UTF8\c70bkai.fd
File: c70bkai.fd 2021/10/16 4.8.5
)
(C:\Users\kelru\AppData\Roaming\MiKTeX\tex/latex/cjk/UTF8\c70bkai.fdx
File: c70bkai.fdx 2021/10/16 4.8.5
)
(C:\Users\kelru\AppData\Roaming\MiKTeX\tex/latex/cjk/UTF8\UTF8.enc
File: UTF8.enc 2021/10/16 4.8.5
)
(C:\Users\kelru\AppData\Roaming\MiKTeX\tex/latex/cjk/UTF8\UTF8.chr
File: UTF8.chr 2021/10/16 4.8.5
)
LaTeX Font Info:    Trying to load font information for OT1+lmtt on input line 557.

(C:\Users\kelru\AppData\Local\Programs\MiKTeX\tex/latex/lm\ot1lmtt.fd
File: ot1lmtt.fd 2015/05/01 v1.6.1 Font defs for Latin Modern
)
Package microtype Info: Loading generic protrusion settings for font family
(microtype)             `lmtt' (encoding: OT1).
(microtype)             For optimal results, create family-specific settings.
(microtype)             See the microtype manual for details.
LaTeX Font Info:    Trying to load font information for TS1+lmr on input line 565.

(C:\Users\kelru\AppData\Local\Programs\MiKTeX\tex/latex/lm\ts1lmr.fd
File: ts1lmr.fd 2015/05/01 v1.6.1 Font defs for Latin Modern
)
LaTeX Font Info:    Trying to load font information for LS1+stixscr on input line 568.

(C:\Users\kelru\AppData\Roaming\MiKTeX\tex/latex/stix\ls1stixscr.fd
File: ls1stixscr.fd 2015/04/17 v1.1.2-latex STIX script LS1 font definitions
) [0

{C:/Users/kelru/AppData/Local/MiKTeX/fonts/map/pdftex/pdftex.map}{C:/Users/kelru/AppData/Local/Programs/MiKTeX/fonts/enc
/dvips/lm/lm-rm.enc}{C:/Users/kelru/AppData/Local/Programs/MiKTeX/fonts/enc/dvips/lm/lm-rmsc.enc}{C:/Users/kelru/AppData
/Local/Programs/MiKTeX/fonts/enc/dvips/lm/lm-mathsy.enc}{C:/Users/kelru/AppData/Local/Programs/MiKTeX/fonts/enc/dvips/lm
/lm-rmtt.enc}{C:/Users/kelru/AppData/Local/Programs/MiKTeX/fonts/enc/dvips/lm/lm-ts1.enc}{C:/Users/kelru/AppData/Local/P
rograms/MiKTeX/fonts/enc/dvips/lm/lm-mathit.enc}] (CYM.toc)
\tf@toc=\write6
\openout6 = `CYM.toc'.

 [1]
LaTeX Font Info:    Trying to load font information for U+euf on input line 614.
 (C:\Users\kelru\AppData\Local\Programs\MiKTeX\tex/latex/amsfonts\ueuf.fd
File: ueuf.fd 2013/01/14 v3.01 Euler Fraktur
)
(C:\Users\kelru\AppData\Roaming\MiKTeX\tex/latex/microtype\mt-euf.cfg
File: mt-euf.cfg 2006/07/03 v1.1 microtype config. file: AMS Euler Fraktur (RS)
) [2{C:/Users/kelru/AppData/Local/Programs/MiKTeX/fonts/enc/dvips/lm/lm-mathex.enc}] [3] [4] [5] [6]
Underfull \vbox (badness 1527) has occurred while \output is active []

 [7]
Underfull \vbox (badness 7631) has occurred while \output is active []

 [8] [9]
Underfull \vbox (badness 10000) has occurred while \output is active []

 [10] [11] [12] [13] [14] [15] [16] [17] [18]
Underfull \hbox (badness 10000) in paragraph at lines 1929--1932

 []


Underfull \hbox (badness 10000) in paragraph at lines 1946--1949

 []

[19]
Underfull \vbox (badness 4391) has occurred while \output is active []

 [20] [21] [22] [23]
Underfull \vbox (badness 2726) has occurred while \output is active []

 [24] [25] [26] [27] [28] [29]
Underfull \vbox (badness 10000) has occurred while \output is active []

 [30] [31] [32] [33] [34]
Underfull \vbox (badness 10000) has occurred while \output is active []

 [35] [36] [37] [38]
Overfull \hbox (18.01428pt too wide) in paragraph at lines 4841--4843
 [] 
 []

[39]
Overfull \hbox (18.01428pt too wide) in paragraph at lines 4905--4906
 [] 
 []

[40] [41] [42] [43]
Underfull \vbox (badness 5519) has occurred while \output is active []

 [44] [45]
Underfull \vbox (badness 5637) has occurred while \output is active []

 [46] [47]
Underfull \vbox (badness 10000) has occurred while \output is active []

 [48] [49] [50] [51] [52] [53] [54] [55] [56]
[57] [58] [59] [60] [61] [62] [63] [64] [65] [66] [67] [68] [69] [70] [71] [72] [73] [74] [75] [76] [77]
Underfull \vbox (badness 10000) has occurred while \output is active []

 [78] [79] [80] [81] [82] [83] [84] [85] [86]
[87] [88] [89]
LaTeX Font Info:    Trying to load font information for OT1+lmss on input line 9751.
 (C:\Users\kelru\AppData\Local\Programs\MiKTeX\tex/latex/lm\ot1lmss.fd
File: ot1lmss.fd 2015/05/01 v1.6.1 Font defs for Latin Modern
)
Package microtype Info: Loading generic protrusion settings for font family
(microtype)             `lmss' (encoding: OT1).
(microtype)             For optimal results, create family-specific settings.
(microtype)             See the microtype manual for details.
 [90] [91]
Underfull \vbox (badness 1199) has occurred while \output is active []

 [92] [93] [94] (CYM.bbl
Underfull \hbox (badness 10000) in paragraph at lines 16--20
[]\OT1/lmr/m/n/8 (+20) Thomas Strobl. Al-ge-broid Yang-Mills the-o-ries. \OT1/lmr/m/it/8 (+20) Phys-i-cal re-view let-te
rs\OT1/lmr/m/n/8 (+20) , 93(21):211601, 2004.
 []


Underfull \hbox (badness 3386) in paragraph at lines 101--107
[]\OT1/lmr/m/n/8 (+20) Simon-Raphael Fis-cher, Mehran Jalali Fara-hani, Hyun-grok Kim, and Chris-tian Sae-mann. Topo-
 []


Underfull \hbox (badness 10000) in paragraph at lines 101--107
\OT1/lmr/m/n/8 (+20) log-i-cal clas-si-fi-ca-tion of sym-me-try break-ing and vac-uum de-gen-er-acy. 2024. arXiv:2406.17
634,
 []


Underfull \hbox (badness 1917) in paragraph at lines 115--120
[]\OT1/lmr/m/n/8 (+20) K Ajayku-mar, B. S. Ki-ranagi, and R Ran-gara-jan. Pull-back of Lie al-ge-bra and Lie group bun-
 []


Underfull \hbox (badness 3460) in paragraph at lines 115--120
\OT1/lmr/m/n/8 (+20) dles, and their ho-mo-topy in-vari-ance. \OT1/lmr/m/it/8 (+20) Jour-nal of Al-ge-bra and Re-lated T
op-ics\OT1/lmr/m/n/8 (+20) , 8(1):15--26, 2020.
 []


Underfull \hbox (badness 1325) in paragraph at lines 128--133
\OT1/lmr/m/n/8 (+20) els, and off-shell closed gauge sym-me-tries. \OT1/lmr/m/it/8 (+20) Jour-nal of Ge-om-e-try and Phy
sics\OT1/lmr/m/n/8 (+20) , 54(4):400--426, 2005.
 []


Underfull \hbox (badness 5832) in paragraph at lines 153--157
[][]\OT1/lmr/m/n/8 (+20) Zan Grad. Yang-mills the-ory for mul-ti-plica-tive Ehres-mann con-nec-tions. 2026. arXiv:2607.1
0904,
 []

[95]) [96] (CYM.aux)
 ***********
LaTeX2e <2026-06-01>
L3 programming layer <2026-08-10>
 ***********
Package rerunfilecheck Info: File `CYM.out' has not changed.
(rerunfilecheck)             Checksum: F12BF67D897A824648961D0E30D9BF6F;5122.
 ) 
Here is how much of TeX's memory you used:
 42560 strings out of 467441
 846758 string characters out of 5407591
 1341858 words of memory out of 5000000
 70180 multiletter control sequences out of 15000+600000
 738362 words of font info for 330 fonts, out of 8000000 for 9000
 1302 hyphenation exceptions out of 8191
 92i,21n,95p,3230b,1554s stack positions out of 10000i,1000n,20000p,200000b,200000s
<C:/Users/kelru/AppData/Roaming/MiKTeX/fonts/type1/arphic/bkaiu/bkaiu30.pfb><C:/Users/kelru/AppData/Roaming/MiKTeX/fon
ts/type1/arphic/bkaiu/bkaiu4e.pfb><C:/Users/kelru/AppData/Roaming/MiKTeX/fonts/type1/arphic/bkaiu/bkaiu53.pfb><C:/Users/
kelru/AppData/Roaming/MiKTeX/fonts/type1/arphic/bkaiu/bkaiu56.pfb><C:/Users/kelru/AppData/Roaming/MiKTeX/fonts/type1/arp
hic/bkaiu/bkaiu57.pfb><C:/Users/kelru/AppData/Roaming/MiKTeX/fonts/type1/arphic/bkaiu/bkaiu59.pfb><C:/Users/kelru/AppDat
a/Roaming/MiKTeX/fonts/type1/arphic/bkaiu/bkaiu5b.pfb><C:/Users/kelru/AppData/Roaming/MiKTeX/fonts/type1/arphic/bkaiu/bk
aiu5e.pfb><C:/Users/kelru/AppData/Roaming/MiKTeX/fonts/type1/arphic/bkaiu/bkaiu5f.pfb><C:/Users/kelru/AppData/Roaming/Mi
KTeX/fonts/type1/arphic/bkaiu/bkaiu65.pfb><C:/Users/kelru/AppData/Roaming/MiKTeX/fonts/type1/arphic/bkaiu/bkaiu6b.pfb><C
:/Users/kelru/AppData/Roaming/MiKTeX/fonts/type1/arphic/bkaiu/bkaiu70.pfb><C:/Users/kelru/AppData/Roaming/MiKTeX/fonts/t
ype1/arphic/bkaiu/bkaiu74.pfb><C:/Users/kelru/AppData/Roaming/MiKTeX/fonts/type1/arphic/bkaiu/bkaiu78.pfb><C:/Users/kelr
u/AppData/Roaming/MiKTeX/fonts/type1/arphic/bkaiu/bkaiu79.pfb><C:/Users/kelru/AppData/Roaming/MiKTeX/fonts/type1/arphic/
bkaiu/bkaiu7a.pfb><C:/Users/kelru/AppData/Roaming/MiKTeX/fonts/type1/arphic/bkaiu/bkaiu7f.pfb><C:/Users/kelru/AppData/Ro
aming/MiKTeX/fonts/type1/arphic/bkaiu/bkaiu81.pfb><C:/Users/kelru/AppData/Roaming/MiKTeX/fonts/type1/arphic/bkaiu/bkaiu8
6.pfb><C:/Users/kelru/AppData/Roaming/MiKTeX/fonts/type1/arphic/bkaiu/bkaiu8a.pfb><C:/Users/kelru/AppData/Roaming/MiKTeX
/fonts/type1/arphic/bkaiu/bkaiu8d.pfb><C:/Users/kelru/AppData/Roaming/MiKTeX/fonts/type1/arphic/bkaiu/bkaiu97.pfb><C:/Us
ers/kelru/AppData/Roaming/MiKTeX/fonts/type1/arphic/bkaiu/bkaiu99.pfb><C:/Users/kelru/AppData/Local/Programs/MiKTeX/font
s/type1/public/amsfonts/euler/eufm10.pfb><C:/Users/kelru/AppData/Local/Programs/MiKTeX/fonts/type1/public/amsfonts/euler
/eufm7.pfb><C:/Users/kelru/AppData/Local/Programs/MiKTeX/fonts/type1/public/lm/lmbx10.pfb><C:/Users/kelru/AppData/Local/
Programs/MiKTeX/fonts/type1/public/lm/lmbx12.pfb><C:/Users/kelru/AppData/Local/Programs/MiKTeX/fonts/type1/public/lm/lmb
x8.pfb><C:/Users/kelru/AppData/Local/Programs/MiKTeX/fonts/type1/public/lm/lmbxi10.pfb><C:/Users/kelru/AppData/Local/Pro
grams/MiKTeX/fonts/type1/public/lm/lmcsc10.pfb><C:/Users/kelru/AppData/Local/Programs/MiKTeX/fonts/type1/public/lm/lmex1
0.pfb><C:/Users/kelru/AppData/Local/Programs/MiKTeX/fonts/type1/public/lm/lmmi10.pfb><C:/Users/kelru/AppData/Local/Progr
ams/MiKTeX/fonts/type1/public/lm/lmmi5.pfb><C:/Users/kelru/AppData/Local/Programs/MiKTeX/fonts/type1/public/lm/lmmi6.pfb
><C:/Users/kelru/AppData/Local/Programs/MiKTeX/fonts/type1/public/lm/lmmi7.pfb><C:/Users/kelru/AppData/Local/Programs/Mi
KTeX/fonts/type1/public/lm/lmmi8.pfb><C:/Users/kelru/AppData/Local/Programs/MiKTeX/fonts/type1/public/lm/lmr10.pfb><C:/U
sers/kelru/AppData/Local/Programs/MiKTeX/fonts/type1/public/lm/lmr12.pfb><C:/Users/kelru/AppData/Local/Programs/MiKTeX/f
onts/type1/public/lm/lmr5.pfb><C:/Users/kelru/AppData/Local/Programs/MiKTeX/fonts/type1/public/lm/lmr6.pfb><C:/Users/kel
ru/AppData/Local/Programs/MiKTeX/fonts/type1/public/lm/lmr7.pfb><C:/Users/kelru/AppData/Local/Programs/MiKTeX/fonts/type
1/public/lm/lmr8.pfb><C:/Users/kelru/AppData/Local/Programs/MiKTeX/fonts/type1/public/lm/lmri10.pfb><C:/Users/kelru/AppD
ata/Local/Programs/MiKTeX/fonts/type1/public/lm/lmri7.pfb><C:/Users/kelru/AppData/Local/Programs/MiKTeX/fonts/type1/publ
ic/lm/lmri8.pfb><C:/Users/kelru/AppData/Local/Programs/MiKTeX/fonts/type1/public/lm/lmss10.pfb><C:/Users/kelru/AppData/L
ocal/Programs/MiKTeX/fonts/type1/public/lm/lmss8.pfb><C:/Users/kelru/AppData/Local/Programs/MiKTeX/fonts/type1/public/lm
/lmsy10.pfb><C:/Users/kelru/AppData/Local/Programs/MiKTeX/fonts/type1/public/lm/lmsy5.pfb><C:/Users/kelru/AppData/Local/
Programs/MiKTeX/fonts/type1/public/lm/lmsy6.pfb><C:/Users/kelru/AppData/Local/Programs/MiKTeX/fonts/type1/public/lm/lmsy
7.pfb><C:/Users/kelru/AppData/Local/Programs/MiKTeX/fonts/type1/public/lm/lmsy8.pfb><C:/Users/kelru/AppData/Local/Progra
ms/MiKTeX/fonts/type1/public/lm/lmtt10.pfb><C:/Users/kelru/AppData/Local/Programs/MiKTeX/fonts/type1/public/amsfonts/sym
bols/msam10.pfb><C:/Users/kelru/AppData/Local/Programs/MiKTeX/fonts/type1/public/amsfonts/symbols/msbm10.pfb><C:/Users/k
elru/AppData/Local/Programs/MiKTeX/fonts/type1/public/rsfs/rsfs10.pfb><C:/Users/kelru/AppData/Local/Programs/MiKTeX/font
s/type1/public/rsfs/rsfs5.pfb><C:/Users/kelru/AppData/Local/Programs/MiKTeX/fonts/type1/public/rsfs/rsfs7.pfb><C:/Users/
kelru/AppData/Roaming/MiKTeX/fonts/type1/public/stix/stix-mathscr.pfb>
Output written on CYM.pdf (97 pages, 1446294 bytes).
PDF statistics:
 1927 PDF objects out of 2073 (max. 8388607)
 407 named destinations out of 1000 (max. 500000)
 52001 words of extra memory for PDF output out of 61914 (max. 10000000)

