\BOOKMARK [1][-]{section.3}{\376\377\0001\000.\000\040\000I\000n\000t\000r\000o\000d\000u\000c\000t\000i\000o\000n\000\040\000a\000n\000d\000\040\000s\000u\000m\000m\000a\000r\000y}{}% 1
\BOOKMARK [2][-]{subsection.10}{\376\377\0001\000.\0001\000.\000\040\000S\000u\000m\000m\000a\000r\000y}{section.3}% 2
\BOOKMARK [2][-]{subsection.13}{\376\377\0001\000.\0002\000.\000\040\000C\000o\000n\000c\000l\000u\000s\000i\000o\000n}{section.3}% 3
\BOOKMARK [2][-]{subsection.14}{\376\377\0001\000.\0003\000.\000\040\000B\000a\000s\000i\000c\000\040\000n\000o\000t\000a\000t\000i\000o\000n\000s\000\040\000a\000n\000d\000\040\000r\000e\000m\000a\000r\000k\000s}{section.3}% 4
\BOOKMARK [2][-]{subsection.17}{\376\377\0001\000.\0004\000.\000\040\000A\000s\000s\000u\000m\000e\000d\000\040\000b\000a\000c\000k\000g\000r\000o\000u\000n\000d\000\040\000k\000n\000o\000w\000l\000e\000d\000g\000e}{section.3}% 5
\BOOKMARK [1][-]{section.19}{\376\377\0002\000.\000\040\000N\000e\000e\000d\000e\000d\000\040\000b\000a\000s\000i\000c\000s\000\040\000\050\000c\000a\000n\000\040\000b\000e\000\040\000s\000k\000i\000p\000p\000e\000d\000\040\000f\000o\000r\000\040\000t\000h\000e\000\040\000e\000x\000p\000e\000r\000i\000e\000n\000c\000e\000d\000\040\000r\000e\000a\000d\000e\000r\000\051}{}% 6
\BOOKMARK [2][-]{subsection.20}{\376\377\0002\000.\0001\000.\000\040\000L\000i\000e\000\040\000g\000r\000o\000u\000p\000\040\000b\000u\000n\000d\000l\000e\000s\000\040\000\050\000L\000G\000B\000s\000\051}{section.19}% 7
\BOOKMARK [2][-]{subsection.35}{\376\377\0002\000.\0002\000.\000\040\000L\000G\000B\000\040\000a\000c\000t\000i\000o\000n\000s\000,\000\040\000p\000a\000r\000t\000\040\000I}{section.19}% 8
\BOOKMARK [2][-]{subsection.50}{\376\377\0002\000.\0003\000.\000\040\000L\000i\000e\000\040\000a\000l\000g\000e\000b\000r\000a\000\040\000b\000u\000n\000d\000l\000e\000s\000\040\000\050\000L\000A\000B\000s\000\051}{section.19}% 9
\BOOKMARK [2][-]{subsection.76}{\376\377\0002\000.\0004\000.\000\040\000L\000G\000B\000\040\000a\000c\000t\000i\000o\000n\000s\000,\000\040\000p\000a\000r\000t\000\040\000I\000I}{section.19}% 10
\BOOKMARK [1][-]{section.99}{\376\377\0003\000.\000\040\000C\000o\000n\000n\000e\000c\000t\000i\000o\000n\000s\000\040\000a\000n\000d\000\040\000c\000u\000r\000v\000a\000t\000u\000r\000e\000\040\000o\000n\000\040\000p\000r\000i\000n\000c\000i\000p\000a\000l\000\040\000L\000G\000B\000-\000b\000u\000n\000d\000l\000e\000s}{}% 11
\BOOKMARK [2][-]{subsection.100}{\376\377\0003\000.\0001\000.\000\040\000P\000r\000i\000n\000c\000i\000p\000a\000l\000\040\000b\000u\000n\000d\000l\000e\000s\000\040\000w\000i\000t\000h\000\040\000s\000t\000r\000u\000c\000t\000u\000r\000a\000l\000\040\000L\000G\000B}{section.99}% 12
\BOOKMARK [2][-]{subsection.125}{\376\377\0003\000.\0002\000.\000\040\000G\000e\000n\000e\000r\000a\000l\000i\000z\000e\000d\000\040\000d\000i\000s\000t\000r\000i\000b\000u\000t\000i\000o\000n\000s\000\040\000a\000n\000d\000\040\000c\000o\000n\000n\000e\000c\000t\000i\000o\000n\000s}{section.99}% 13
\BOOKMARK [2][-]{subsection.181}{\376\377\0003\000.\0003\000.\000\040\000G\000a\000u\000g\000e\000\040\000t\000r\000a\000n\000s\000f\000o\000r\000m\000a\000t\000i\000o\000n\000s}{section.99}% 14
\BOOKMARK [2][-]{subsection.198}{\376\377\0003\000.\0004\000.\000\040\000G\000e\000n\000e\000r\000a\000l\000i\000z\000e\000d\000\040\000c\000u\000r\000v\000a\000t\000u\000r\000e\000/\000f\000i\000e\000l\000d\000\040\000s\000t\000r\000e\000n\000g\000t\000h}{section.99}% 15
\BOOKMARK [1][-]{section.251}{\376\377\0004\000.\000\040\000C\000u\000r\000v\000e\000d\000\040\000Y\000a\000n\000g\000-\000M\000i\000l\000l\000s\000\040\000g\000a\000u\000g\000e\000\040\000t\000h\000e\000o\000r\000y}{}% 16
\BOOKMARK [2][-]{subsection.252}{\376\377\0004\000.\0001\000.\000\040\000D\000e\000f\000i\000n\000i\000t\000i\000o\000n\000\040\000a\000n\000d\000\040\000g\000a\000u\000g\000e\000\040\000i\000n\000v\000a\000r\000i\000a\000n\000c\000e}{section.251}% 17
\BOOKMARK [2][-]{subsection.257}{\376\377\0004\000.\0002\000.\000\040\000F\000i\000e\000l\000d\000\040\000r\000e\000d\000e\000f\000i\000n\000i\000t\000i\000o\000n\000s}{section.251}% 18
\BOOKMARK [2][-]{subsection.266}{\376\377\0004\000.\0003\000.\000\040\000E\000x\000a\000m\000p\000l\000e\000s}{section.251}% 19
\BOOKMARK [1][-]{section.281}{\376\377\0005\000.\000\040\000F\000u\000t\000u\000r\000e\000\040\000p\000r\000o\000s\000p\000e\000c\000t\000s}{}% 20
\BOOKMARK [2][-]{subsection.282}{\376\377\0005\000.\0001\000.\000\040\000A\000s\000s\000o\000c\000i\000a\000t\000e\000d\000\040\000b\000u\000n\000d\000l\000e\000s\000\040\000a\000n\000d\000\040\000c\000o\000n\000n\000e\000c\000t\000i\000o\000n\000s}{section.281}% 21
\BOOKMARK [2][-]{subsection.283}{\376\377\0005\000.\0002\000.\000\040\000P\000r\000i\000n\000c\000i\000p\000a\000l\000\040\000L\000i\000e\000\040\000g\000r\000o\000u\000p\000o\000i\000d\000\040\000b\000u\000n\000d\000l\000e\000s}{section.281}% 22
\BOOKMARK [1][-]{section*.285}{\376\377\000L\000i\000s\000t\000\040\000o\000f\000\040\000R\000e\000f\000e\000r\000e\000n\000c\000e\000s}{}% 23
